P 100 100
P 100 200
P 200 100
P 200 200
E -62900 150 150 150
E 150 -62900 150 150
E 150 150 150 63200
E 150 150 63200 150
