P 103 200
P 193 64
P 193 370
P 283 200
E -106952 56985 192.99 261.17
E -85532 -56568 193 161.78
E 192.99 261.17 193 161.78
E 192.99 261.17 107338 56985
E 193 161.78 85918 -56568
