P 233 276
P 330 229
P 331 179
P 432 275
E -31169.5 -426 257.28 202.51
E 257.28 202.51 257.29 202.52
E 257.28 202.51 257.29 202.52
E 257.28 202.51 257.29 202.52
E 257.28 202.51 257.29 202.52
E 257.29 202.52 402.01 205.42
E 332.92 358.62 402.01 205.42
E 332.92 358.62 962.5 125645.5
E 402.01 205.42 60861.5 -63403
