P 50 200
P 100 100
P 100 200
P 150 200
E -62925 -31350 75 150
E 75 150 75 31700
E 75 150 125 150
E 125 150 125 31700
E 125 150 63125 -31350
