P 136 363
P 210 240
P 243 266
P 321 396
E -77317 -46318.5 183.35 307.73
E -20561.5 116929.5 231.77 361.14
E 183.35 307.73 231.77 361.14
E 183.35 307.73 16606.5 -20537
E 231.77 361.14 82182 -48809
