P 200 200
P 300 200
P 400 200
P 500 200
E 350 -62800 350 63200
