P 22 343
P 241 387
P 280 189
P 406 487
P 502 236
E -96868.71 -162273.5 151.29 266.5
E -90506 242335 14.65 946.61
E 14.65 946.61 151.29 266.5
E 14.65 946.61 385.2 335.19
E 151.29 266.5 370.44 309.66
E 370.44 309.66 385.2 335.19
E 370.44 309.66 30001 -139647.5
E 385.2 335.19 158584 60841.5
