P 289 290
P 342 541
E -157814.5 33805.5 158445.5 -32974.5
