P 200 200
P 300 200
P 400 200
E 250 -62800 250 63200
E 350 -62800 350 63200
