P 200 200
P 200 300
P 200 400
E -62800 250 63200 250
E -62800 350 63200 350
