P 200 200
P 200 300
P 300 200
E -62750 250 250 250
E 250 -62750 250 250
E 250 250 63250 63250
