P 147 190
P 164 361
P 283 233
E -107534 10981.47 196.05 271.47
E 196.05 271.47 27286.05 -85408.53
E 196.05 271.47 80836.05 75241.47
