P 233 263
P 345 197
P 398 93
E -106918 -103901.6 182 48.43
E 182 48.43 41762 70608.43
E 182 48.43 65702 33438.43
