P 10 20
P 20 40
P 200 400
E -226690 113620 226910 -113180
E -12585 6330 12615 -6270
