P 4 1
P 100 25
P 400 100
E -47000 189062.5 47500 -188937.5
E -15068 60493 15172 -60467
